# memory map file, output by NYASM 2.41 [Build: 231121.00] linker.
#
# address start from 0 is ROM
# address start from 20000000 is RAM (R-page)
# address start from 20800000 is RAM (F-page)
# address start from 21000000 is RAM (S-page)
# address start from 21800000 is RAM (T-page)
# address = 0xFFFFFFFF means that there is no space to allocate.
#

Module list:
------------
main.o:
    .debug_line          offset:0x0        size:0x2501 (9473)
    .debug_info          offset:0x0        size:0x762 (1890)
    .debug_abbrev        offset:0x0        size:0x2c (44)
    .debug_ranges        offset:0x0        size:0x188 (392)
    .debug_aranges       offset:0x0        size:0x190 (400)
    share_bank           offset:0x2000007f size:0x1
    share_bank           offset:0x2000007e size:0x1
    share_bank           offset:0x2000007d size:0x1
    share_bank           offset:0x2000007c size:0x1
    share_bank           offset:0x2000007b size:0x1
    share_bank           offset:0x2000007a size:0x1
    share_bank           offset:0x20000079 size:0x1
    uninit               offset:0x20000024 size:0x1
    uninit               offset:0x20000025 size:0x1
    uninit               offset:0x20000026 size:0x1
    uninit               offset:0x20000027 size:0x1
    uninit               offset:0x20000028 size:0x1
    uninit               offset:0x20000029 size:0x1
    uninit               offset:0x2000002a size:0x1
    uninit               offset:0x2000002b size:0x1
    uninit               offset:0x2000002c size:0x1
    uninit               offset:0x2000002d size:0x1
    uninit               offset:0x2000002e size:0x1
    uninit               offset:0x20000020 size:0x4
    uninit               offset:0x2000002f size:0x1
    uninit               offset:0x20000030 size:0x1
    uninit               offset:0x20000031 size:0x1
    uninit               offset:0x20000032 size:0x1
    uninit               offset:0x20000033 size:0x1
    uninit               offset:0x20000034 size:0x1
    uninit               offset:0x20000035 size:0x1
    uninit               offset:0x20000036 size:0x1
    uninit               offset:0x20000037 size:0x1
    uninit               offset:0x20000038 size:0x1
    uninit               offset:0x20000039 size:0x1
    uninit               offset:0x2000003a size:0x1
    uninit               offset:0x2000003b size:0x1
    uninit               offset:0x2000003c size:0x1
    uninit               offset:0x2000003d size:0x1
    uninit               offset:0x2000003e size:0x1
    uninit               offset:0x2000003f size:0x1
    uninit               offset:0x20000040 size:0x1
    uninit               offset:0x20000041 size:0x1
    uninit               offset:0x20000042 size:0x1
    uninit               offset:0x20000043 size:0x1
    uninit               offset:0x20000044 size:0x1
    uninit               offset:0x20000045 size:0x1
    uninit               offset:0x20000046 size:0x1
    uninit               offset:0x20000047 size:0x1
    uninit               offset:0x20000048 size:0x1
    uninit               offset:0x20000049 size:0x1
    uninit               offset:0x2000004a size:0x1
    uninit               offset:0x2000004b size:0x1
    uninit               offset:0x2000004c size:0x1
    uninit               offset:0x2000004d size:0x1
    uninit               offset:0x2000004e size:0x1
    uninit               offset:0x2000004f size:0x1
    idata                offset:0x20000050 size:0x1
    code                 offset:0x6c8      size:0xe (14)
    code                 offset:0x4e1      size:0x51 (81)
    .text                offset:0x0        size:0x1
    .text                offset:0x8        size:0x1
    code                 offset:0x352      size:0x78 (120)
    code                 offset:0x433      size:0x5a (90)
    code                 offset:0x172      size:0x11e (286)
    code                 offset:0x6e9      size:0x8
    code                 offset:0x532      size:0x43 (67)
    code                 offset:0x575      size:0x37 (55)
    code                 offset:0x3ca      size:0x69 (105)
    code                 offset:0x290      size:0xc2 (194)
    code                 offset:0x5ac      size:0x33 (51)
    code                 offset:0x5df      size:0x2d (45)
    code                 offset:0x60c      size:0x25 (37)
    code                 offset:0x631      size:0x1f (31)
    code                 offset:0x6d6      size:0xa (10)
    code                 offset:0x650      size:0x1d (29)
    code                 offset:0x6e0      size:0x9
    code                 offset:0x6a1      size:0x14 (20)
    code                 offset:0x48d      size:0x54 (84)
    code                 offset:0x13       size:0x15f (351)
    code                 offset:0x6f1      size:0x8
    code                 offset:0x1        size:0x7
    code                 offset:0x6f9      size:0x5

NY8A054E.a:
    .debug_line          offset:0x2501     size:0x345 (837)
    .debug_info          offset:0x762      size:0x2d (45)
    .debug_abbrev        offset:0x2c       size:0xf (15)
    .debug_ranges        offset:0x188      size:0x17c (380)
    .debug_aranges       offset:0x190      size:0x184 (388)
    .text                offset:0x20000000 size:0x1
    .text                offset:0x20000001 size:0x1
    .text                offset:0x20000002 size:0x1
    .text                offset:0x20000003 size:0x1
    .text                offset:0x20000004 size:0x1
    .text                offset:0x20000005 size:0x1
    .text                offset:0x20000006 size:0x1
    .text                offset:0x20000007 size:0x1
    .text                offset:0x20000008 size:0x1
    .text                offset:0x20000009 size:0x1
    .text                offset:0x2000000a size:0x1
    .text                offset:0x2000000b size:0x1
    .text                offset:0x2000000c size:0x1
    .text                offset:0x2000000d size:0x1
    .text                offset:0x2000000e size:0x1
    .text                offset:0x2000000f size:0x1
    .text                offset:0x20000010 size:0x1
    .text                offset:0x20000011 size:0x1
    .text                offset:0x20000012 size:0x1
    .text                offset:0x20000013 size:0x1
    .text                offset:0x20000014 size:0x1
    .text                offset:0x20000015 size:0x1
    .text                offset:0x20000016 size:0x1
    .text                offset:0x20000017 size:0x1
    .text                offset:0x20000018 size:0x1
    .text                offset:0x20000019 size:0x1
    .text                offset:0x2000001a size:0x1
    .text                offset:0x2000001b size:0x1
    .text                offset:0x2000001c size:0x1
    .text                offset:0x2000001d size:0x1
    .text                offset:0x2000001e size:0x1
    .text                offset:0x2000001f size:0x1
    .text                offset:0x20000080 size:0x1
    .text                offset:0x20000081 size:0x1
    .text                offset:0x20000082 size:0x1
    .text                offset:0x20000083 size:0x1
    .text                offset:0x20000084 size:0x1
    .text                offset:0x20000085 size:0x1
    .text                offset:0x20000086 size:0x1
    .text                offset:0x20000087 size:0x1
    .text                offset:0x20000088 size:0x1
    .text                offset:0x20000089 size:0x1
    .text                offset:0x2000008a size:0x1
    .text                offset:0x2000008b size:0x1
    .text                offset:0x2000008c size:0x1
    .text                offset:0x2000008d size:0x1
    .text                offset:0x2000008e size:0x1
    .text                offset:0x2000008f size:0x1
    .text                offset:0x20000090 size:0x1
    .text                offset:0x20000091 size:0x1
    .text                offset:0x20000092 size:0x1
    .text                offset:0x20000093 size:0x1
    .text                offset:0x20000094 size:0x1
    .text                offset:0x20000095 size:0x1
    .text                offset:0x20000096 size:0x1
    .text                offset:0x20000097 size:0x1
    .text                offset:0x20000098 size:0x1
    .text                offset:0x20000099 size:0x1
    .text                offset:0x2000009a size:0x1
    .text                offset:0x2000009b size:0x1
    .text                offset:0x2000009c size:0x1
    .text                offset:0x2000009d size:0x1
    .text                offset:0x2000009e size:0x1
    .text                offset:0x2000009f size:0x1
    .text                offset:0x20800000 size:0x1
    .text                offset:0x20800005 size:0x1
    .text                offset:0x20800006 size:0x1
    .text                offset:0x20800009 size:0x1
    .text                offset:0x2080000a size:0x1
    .text                offset:0x2080000c size:0x1
    .text                offset:0x2080000e size:0x1
    .text                offset:0x2080000f size:0x1
    .text                offset:0x21000000 size:0x1
    .text                offset:0x21000001 size:0x1
    .text                offset:0x21000002 size:0x1
    .text                offset:0x21000003 size:0x1
    .text                offset:0x21000004 size:0x1
    .text                offset:0x21000005 size:0x1
    .text                offset:0x21000006 size:0x1
    .text                offset:0x21000007 size:0x1
    .text                offset:0x21000008 size:0x1
    .text                offset:0x2100000a size:0x1
    .text                offset:0x2100000c size:0x1
    .text                offset:0x2100000f size:0x1
    .text                offset:0x21000010 size:0x1
    .text                offset:0x21000011 size:0x1
    .text                offset:0x21000012 size:0x1
    .text                offset:0x21000013 size:0x1
    .text                offset:0x21000014 size:0x1
    .text                offset:0x21000016 size:0x1
    .text                offset:0x21000018 size:0x1
    .text                offset:0x2100001b size:0x1
    .text                offset:0x2100001d size:0x1
    .text                offset:0x2100001f size:0x1

libsdcc_bankram.a:
    .debug_line          offset:0x2846     size:0x56 (86)
    .debug_info          offset:0x790      size:0x3f (63)
    .debug_abbrev        offset:0x3c       size:0x19 (25)
    .debug_ranges        offset:0x304      size:0x8
    .debug_aranges       offset:0x314      size:0x10 (16)
    code                 offset:0x66d      size:0x1c (28)
    .debug_line          offset:0x289c     size:0x4f (79)
    .debug_info          offset:0x7cf      size:0x3f (63)
    .debug_abbrev        offset:0x55       size:0x19 (25)
    .debug_ranges        offset:0x30c      size:0x8
    .debug_aranges       offset:0x324      size:0x10 (16)
    code                 offset:0x689      size:0x18 (24)

bank2_8b.a:
    .debug_line          offset:0x28eb     size:0x46 (70)
    .debug_info          offset:0x80e      size:0x2b (43)
    .debug_abbrev        offset:0x6f       size:0xf (15)
    .debug_ranges        offset:0x314      size:0x8
    .debug_aranges       offset:0x334      size:0x10 (16)
    startup              offset:0x9        size:0xa (10)
    .debug_line          offset:0x2932     size:0x4e (78)
    .debug_info          offset:0x839      size:0x2e (46)
    .debug_abbrev        offset:0x7e       size:0xf (15)
    .debug_ranges        offset:0x31c      size:0x8
    .debug_aranges       offset:0x344      size:0x10 (16)
    code                 offset:0x6b5      size:0x13 (19)

cb_file:


Segment list:
Name                 Start      Size
-----------------------------------
.text                0x0        0x1
code                 0x1        0x7
.text                0x8        0x1
startup              0x9        0xa (10)
code                 0x13       0x15f (351)
code                 0x172      0x11e (286)
code                 0x290      0xc2 (194)
code                 0x352      0x78 (120)
code                 0x3ca      0x69 (105)
code                 0x433      0x5a (90)
code                 0x48d      0x54 (84)
code                 0x4e1      0x51 (81)
code                 0x532      0x43 (67)
code                 0x575      0x37 (55)
code                 0x5ac      0x33 (51)
code                 0x5df      0x2d (45)
code                 0x60c      0x25 (37)
code                 0x631      0x1f (31)
code                 0x650      0x1d (29)
code                 0x66d      0x1c (28)
code                 0x689      0x18 (24)
code                 0x6a1      0x14 (20)
code                 0x6b5      0x13 (19)
code                 0x6c8      0xe (14)
code                 0x6d6      0xa (10)
code                 0x6e0      0x9
code                 0x6e9      0x8
code                 0x6f1      0x8
code                 0x6f9      0x5
code (idata)         0x6fe      0x1
.text                0x20000000 0x1
.text                0x20000001 0x1
.text                0x20000002 0x1
.text                0x20000003 0x1
.text                0x20000004 0x1
.text                0x20000005 0x1
.text                0x20000006 0x1
.text                0x20000007 0x1
.text                0x20000008 0x1
.text                0x20000009 0x1
.text                0x2000000a 0x1
.text                0x2000000b 0x1
.text                0x2000000c 0x1
.text                0x2000000d 0x1
.text                0x2000000e 0x1
.text                0x2000000f 0x1
.text                0x20000010 0x1
.text                0x20000011 0x1
.text                0x20000012 0x1
.text                0x20000013 0x1
.text                0x20000014 0x1
.text                0x20000015 0x1
.text                0x20000016 0x1
.text                0x20000017 0x1
.text                0x20000018 0x1
.text                0x20000019 0x1
.text                0x2000001a 0x1
.text                0x2000001b 0x1
.text                0x2000001c 0x1
.text                0x2000001d 0x1
.text                0x2000001e 0x1
.text                0x2000001f 0x1
uninit               0x20000020 0x4
uninit               0x20000024 0x1
uninit               0x20000025 0x1
uninit               0x20000026 0x1
uninit               0x20000027 0x1
uninit               0x20000028 0x1
uninit               0x20000029 0x1
uninit               0x2000002a 0x1
uninit               0x2000002b 0x1
uninit               0x2000002c 0x1
uninit               0x2000002d 0x1
uninit               0x2000002e 0x1
uninit               0x2000002f 0x1
uninit               0x20000030 0x1
uninit               0x20000031 0x1
uninit               0x20000032 0x1
uninit               0x20000033 0x1
uninit               0x20000034 0x1
uninit               0x20000035 0x1
uninit               0x20000036 0x1
uninit               0x20000037 0x1
uninit               0x20000038 0x1
uninit               0x20000039 0x1
uninit               0x2000003a 0x1
uninit               0x2000003b 0x1
uninit               0x2000003c 0x1
uninit               0x2000003d 0x1
uninit               0x2000003e 0x1
uninit               0x2000003f 0x1
uninit               0x20000040 0x1
uninit               0x20000041 0x1
uninit               0x20000042 0x1
uninit               0x20000043 0x1
uninit               0x20000044 0x1
uninit               0x20000045 0x1
uninit               0x20000046 0x1
uninit               0x20000047 0x1
uninit               0x20000048 0x1
uninit               0x20000049 0x1
uninit               0x2000004a 0x1
uninit               0x2000004b 0x1
uninit               0x2000004c 0x1
uninit               0x2000004d 0x1
uninit               0x2000004e 0x1
uninit               0x2000004f 0x1
idata                0x20000050 0x1
share_bank           0x20000079 0x1
share_bank           0x2000007a 0x1
share_bank           0x2000007b 0x1
share_bank           0x2000007c 0x1
share_bank           0x2000007d 0x1
share_bank           0x2000007e 0x1
share_bank           0x2000007f 0x1
.text                0x20000080 0x1
.text                0x20000081 0x1
.text                0x20000082 0x1
.text                0x20000083 0x1
.text                0x20000084 0x1
.text                0x20000085 0x1
.text                0x20000086 0x1
.text                0x20000087 0x1
.text                0x20000088 0x1
.text                0x20000089 0x1
.text                0x2000008a 0x1
.text                0x2000008b 0x1
.text                0x2000008c 0x1
.text                0x2000008d 0x1
.text                0x2000008e 0x1
.text                0x2000008f 0x1
.text                0x20000090 0x1
.text                0x20000091 0x1
.text                0x20000092 0x1
.text                0x20000093 0x1
.text                0x20000094 0x1
.text                0x20000095 0x1
.text                0x20000096 0x1
.text                0x20000097 0x1
.text                0x20000098 0x1
.text                0x20000099 0x1
.text                0x2000009a 0x1
.text                0x2000009b 0x1
.text                0x2000009c 0x1
.text                0x2000009d 0x1
.text                0x2000009e 0x1
.text                0x2000009f 0x1
.text                0x20800000 0x1
.text                0x20800005 0x1
.text                0x20800006 0x1
.text                0x20800009 0x1
.text                0x2080000a 0x1
.text                0x2080000c 0x1
.text                0x2080000e 0x1
.text                0x2080000f 0x1
.text                0x21000000 0x1
.text                0x21000001 0x1
.text                0x21000002 0x1
.text                0x21000003 0x1
.text                0x21000004 0x1
.text                0x21000005 0x1
.text                0x21000006 0x1
.text                0x21000007 0x1
.text                0x21000008 0x1
.text                0x2100000a 0x1
.text                0x2100000c 0x1
.text                0x2100000f 0x1
.text                0x21000010 0x1
.text                0x21000011 0x1
.text                0x21000012 0x1
.text                0x21000013 0x1
.text                0x21000014 0x1
.text                0x21000016 0x1
.text                0x21000018 0x1
.text                0x2100001b 0x1
.text                0x2100001d 0x1
.text                0x2100001f 0x1

Symbol list by name:
Name                      Value
--------------------------------
___cinit_load__           0x6fe (1790)
___cinit_run__            0x6fe (1790)
___cinit_size__           0x1
___fs2schar               no used
___fs2sint                no used
___fs2slong               no used
___fs2uchar               no used
___fs2uint                no used
___fs2ulong               no used
___fsadd                  no used
___fsdiv                  no used
___fseq                   no used
___fslt                   no used
___fsmul                  no used
___fsneq                  no used
___fssub                  no used
___math_temp_1            no used
___math_temp_2            no used
___math_temp_3            no used
___math_temp_4            no used
___math_temp_5            no used
___math_temp_6            no used
___math_temp_7            no used
___math_temp_8            no used
___math_temp_9            no used
___rsv80                  0x20000080
___rsv81                  0x20000081
___rsv82                  0x20000082
___rsv83                  0x20000083
___rsv84                  0x20000084
___rsv85                  0x20000085
___rsv86                  0x20000086
___rsv87                  0x20000087
___rsv88                  0x20000088
___rsv89                  0x20000089
___rsv8a                  0x2000008a
___rsv8b                  0x2000008b
___rsv8c                  0x2000008c
___rsv8d                  0x2000008d
___rsv8e                  0x2000008e
___rsv8f                  0x2000008f
___rsv90                  0x20000090
___rsv91                  0x20000091
___rsv92                  0x20000092
___rsv93                  0x20000093
___rsv94                  0x20000094
___rsv95                  0x20000095
___rsv96                  0x20000096
___rsv97                  0x20000097
___rsv98                  0x20000098
___rsv99                  0x20000099
___rsv9a                  0x2000009a
___rsv9b                  0x2000009b
___rsv9c                  0x2000009c
___rsv9d                  0x2000009d
___rsv9e                  0x2000009e
___rsv9f                  0x2000009f
___schar2fs               no used
___sint2fs                no used
___slong2fs               no used
___uchar2fs               no used
___uint2fs                no used
___ulong2fs               no used
__checksum                0x6ff (1791)
__CHECKSUM_ADDR__         0x6ff (1791)
__codeptrget1             0x6c3 (1731)
__divschar                no used
__divsint                 no used
__divslong                no used
__divsuchar               no used
__divsuint                no used
__divsulong               no used
__divuchar                0x66d (1645)
__divuint                 no used
__divulong                no used
__divuschar               no used
__divusint                no used
__divuslong               no used
__dly_us                  0x6f1 (1777)
__gptrget                 0x6b5 (1717)
__gptrget1                0x6b5 (1717)
__gptrget2                no used
__gptrget3                no used
__gptrget4                no used
__gptrput                 no used
__gptrput1                no used
__gptrput2                no used
__gptrput3                no used
__gptrput4                no used
__idata_total_size__      0x1
__modschar                no used
__modsint                 no used
__modslong                no used
__modsuchar               no used
__modsuint                no used
__modsulong               no used
__moduchar                0x689 (1673)
__moduint                 no used
__modulong                no used
__moduschar               no used
__modusint                no used
__moduslong               no used
__mulchar                 no used
__mulint                  no used
__mullong                 no used
__mulschar                no used
__mulsuchar               no used
__muluchar                no used
__muluschar               no used
__nyc_ny8_startup         0x9
__reserved_sfr_0x0007     0x20000007
__reserved_sfr_0x000d     0x2000000d
__reserved_sfr_0x0010     0x20000010
__reserved_sfr_0x0011     0x20000011
__reserved_sfr_0x0012     0x20000012
__reserved_sfr_0x0013     0x20000013
__reserved_sfr_0x0014     0x20000014
__reserved_sfr_0x0016     0x20000016
__reserved_sfr_0x0017     0x20000017
__reserved_sfr_0x001a     0x2000001a
__reserved_sfr_0x001d     0x2000001d
__reserved_sfr_0x001e     0x2000001e
__share_bank_total_size__ 0x7
__uninit_total_size__     0x30 (48)
_ABPLCON                  0x2000000b
_ABPLCONbits              0x2000000b
_always_light_timer       no used
_always_light_timer_shadow no used
_APHCON                   0x20800009
_app_display_all          0x172 (370)
_AWUCON                   0x20000015
_AWUCONbits               0x20000015
_bat_level_buf            no used
_BODCON                   0x2080000c
_BPHCON                   0x2000000c
_BPHCONbits               0x2000000c
_BWUCON                   0x20000009
_BWUCONbits               0x20000009
_BZ1CR                    0x21000005
_clear_ram                no used
_CMPCR                    0x2080000e
_delaySleepTime           0x2000002b
_delaySleepTimer          0x20000029
_disable_breathing_mode   0x1
_displayData              0x20000030
_displayDecade            0x20000032
_displayDigit             0x20000033
_displayHundred           0x20000031
_displayTimer             0x20000028
_DispTable                0x6c8 (1736)
_enable_breathing_mode    0x6f9 (1785)
_enterSleepMode           no used
_forceDispTimer           0x2000002f
_FSR                      0x20000004
_get_cap                  0x6e9 (1769)
_get_p_ext_int_status     0x575 (1397)
_gpioKeyScan              0x48d (1165)
_gpioKeyState             0x2000002d
_gpioKeyWaitTimer         0x2000002c
_gSysTick                 no used
_i2c_chk_ack              0x650 (1616)
_i2c_readByte             0x60c (1548)
_i2c_send_ack             no used
_i2c_send_nack            0x6d6 (1750)
_i2c_start                0x6a1 (1697)
_i2c_stop                 0x6e0 (1760)
_i2c_writeByte            0x631 (1585)
_INDF                     0x20000000
_indicator_light_mode     0x20000026
_init_ip53xs              no used
_INTE                     0x2000000e
_INTE2                    0x2000001f
_INTE2bits                0x2000001f
_INTEbits                 0x2000000e
_INTEDG                   0x20000018
_INTEDGbits               0x20000018
_INTF                     0x2000000f
_INTFbits                 0x2000000f
_io_led_scan              0x13 (19)
_IOSTA                    0x20800005
_IOSTB                    0x20800006
_IP_DATA                  0x20000020
_ip53xs_readByte          0x5ac (1452)
_ip53xs_writeByte         0x5df (1503)
_ip55xs_read4Bytes        0x3ca (970)
_ip55xs_write4Bytes       0x290 (656)
_IRCR                     0x21000006
_is_chg_or_dischg         0x532 (1330)
_isr                      0x352 (850)
_main                     0x433 (1075)
_moto_work_mode           no used
_multi_16b                no used
_OSCCR                    0x2100000f
_P2CR1                    0x2100000a
_P4CR1                    0x21000016
_P5CR1                    0x2100001b
_PCHBUF                   0x2000000a
_PCL                      0x20000002
_PCON                     0x20000008
_PCON1                    0x2080000f
_PCONbits                 0x20000008
_PORTA                    0x20000005
_PORTAbits                0x20000005
_PORTB                    0x20000006
_PORTBbits                0x20000006
_PS0CV                    0x2080000a
_PS1CV                    0x21000004
_PS3CV                    0x21000014
_PWM1DUTY                 0x21000003
_PWM2DUTY                 0x2100000c
_PWM3DUTY                 0x21000013
_PWM4DUTY                 0x21000018
_PWM5DUTY                 0x2100001d
_PWM5RH                   0x2100001f
_read_14bit_rom           no used
_RESPIRATION_LAMP_TABLE   0x4e1 (1249)
_respiration_lamp_timer   0x2000002e
_RFC                      0x2000001b
_RFCbits                  0x2000001b
_STATUS                   0x20000003
_T0MD                     0x20800000
_T1CR1                    0x21000001
_T1CR2                    0x21000002
_T3CR1                    0x21000011
_T3CR2                    0x21000012
_TBHD                     0x21000008
_TBHP                     0x21000007
_timer_slice_10ms         no used
_timer_slice_16ms         0x2000002a
_TM34RH                   0x2000001c
_TMR0                     0x20000001
_TMR1                     0x21000000
_TMR3                     0x21000010
_TMRH                     0x20000019
_underVoltageDispTimer    0x20000027
_vFlag_0                  0x20000024
_vFlag_1                  0x20000025
PSAVE                     0x2000007f
SSAVE                     0x2000007e
STK00                     0x20000079
STK01                     0x2000007a
STK02                     0x2000007b
STK03                     0x2000007c
STK04                     no used
STK05                     no used
STK06                     no used
STK07                     no used
STK08                     no used
STK09                     no used
STK10                     no used
STK11                     no used
STK12                     no used
WSAVE                     0x2000007d

